20.450201802471 22.980716519170 21.132719612615 
1 0 1 0 1 0 0 1 0 1 0 
54.55
