31.288114249774 31.465995975044 32.299702224049 
0 1 2 2 2 2 2 2 2 2 2 2 2 2 2 0 1 2 2 2 0 
52.38
