87.059166020763 86.656201353785 89.601268711737 
2 2 2 2 2 2 2 2 2 2 1 0 1 1 0 1 0 1 2 2 2 2 1 0 1 0 1 2 2 2 2 2 2 2 2 0 1 0 1 2 2 2 1 0 1 0 1 0 1 0 1 
58.82
