172.822871506747 174.922407180298 172.195049196279 
2 2 2 2 2 2 2 2 2 0 1 1 0 1 0 1 0 1 0 1 2 2 2 1 0 1 0 1 0 1 0 1 0 1 0 1 0 2 2 2 2 2 2 2 2 2 2 2 2 2 2 1 0 1 0 0 1 0 2 2 2 2 2 2 2 2 2 2 0 1 0 1 0 2 2 2 0 1 1 0 0 1 0 1 0 1 0 1 0 2 2 2 2 2 1 0 1 0 1 2 2 
51.49
